// Vitest Snapshot v1, https://vitest.dev/guide/snapshot.html

exports[`FileDropZone > renders correctly with default props 1`] = `
<div
  class="_container_3af3de"
>
  <div
    aria-disabled="false"
    aria-label="File upload area"
    class="_dropzone_3af3de"
    role="button"
    tabindex="0"
  >
    <div
      class="_content_3af3de"
    >
      <svg
        class="_icon_3af3de"
        fill="none"
        height="48"
        stroke="currentColor"
        stroke-linecap="round"
        stroke-linejoin="round"
        stroke-width="2"
        viewBox="0 0 24 24"
        width="48"
      >
        <path
          class=""
          d="M21 15v4a2 2 0 0 1-2 2H5a2 2 0 0 1-2-2v-4"
        />
        <polyline
          class=""
          points="7,10 12,5 17,10"
        />
        <line
          class=""
          x1="12"
          x2="12"
          y1="5"
          y2="15"
        />
      </svg>
      <h3
        class="_title_3af3de"
      >
        Upload Files
      </h3>
      <p
        class="_description_3af3de"
      >
        Drag and drop your files here, or click to browse
      </p>
      <button
        aria-label="Browse files"
        class="_button_3af3de"
        type="button"
      >
        Browse Files
      </button>
      <p
        class="_description_3af3de"
      >
        Max 
        5
         files • Max 
        10
        MB per file
      </p>
    </div>
    <input
      accept="*/*"
      aria-hidden="true"
      class="_hiddenInput_3af3de"
      multiple=""
      type="file"
    />
  </div>
</div>
`;
